               scenario  initial_soc     tte_h    stop_reason  final_soc  final_voltage_v
        Light daily use          0.2  1.663889  SOC threshold   0.029723         3.018774
        Light daily use          0.4  3.747222  SOC threshold   0.029897         3.019037
        Light daily use          0.6  5.980556  SOC threshold   0.029821         3.018964
        Light daily use          0.8  8.366667  SOC threshold   0.029945         3.019099
        Light daily use          1.0 10.916667  SOC threshold   0.029851         3.018998
Video streaming (Wi-Fi)          0.2  1.044444  SOC threshold   0.029815         3.011642
Video streaming (Wi-Fi)          0.4  2.355556  SOC threshold   0.029654         3.011790
Video streaming (Wi-Fi)          0.6  3.758333  SOC threshold   0.029750         3.011973
Video streaming (Wi-Fi)          0.8  5.258333  SOC threshold   0.029878         3.012129
Video streaming (Wi-Fi)          1.0  6.861111  SOC threshold   0.029835         3.012086
             Navigation          0.2  0.663889  SOC threshold   0.029730         3.000484
             Navigation          0.4  1.497222  SOC threshold   0.029667         3.001356
             Navigation          0.6  2.388889  SOC threshold   0.029973         3.002076
             Navigation          0.8  3.344444  SOC threshold   0.029827         3.002066
             Navigation          1.0  4.363889  SOC threshold   0.029917         3.002220
            Mobile game          0.2  0.458333 voltage cutoff   0.038830         2.999202
            Mobile game          0.4  1.069444 voltage cutoff   0.037397         2.999407
            Mobile game          0.6  1.722222 voltage cutoff   0.036781         2.999652
            Mobile game          0.8  2.419444 voltage cutoff   0.036556         2.999868
            Mobile game          1.0  3.163889 voltage cutoff   0.036357         2.999874
Results saved to: /Users/storyon/study/math_modeling_/modeling/BatteryModel_图表复现版/generated_figures
