   scenario  ambient_temp_c  initial_soh        stop_reason    tte_h  final_soc  final_voltage_v  final_temp_c
Mobile game             -10          0.7     voltage cutoff 1.258333   0.176763         2.997808     -5.733399
Mobile game             -10          0.8     voltage cutoff 1.491667   0.151219         2.998051     -5.555452
Mobile game             -10          0.9     voltage cutoff 1.738889   0.125162         2.998319     -5.456115
Mobile game             -10          1.0     voltage cutoff 2.000000   0.098669         2.999054     -5.423928
Mobile game               0          0.7     voltage cutoff 1.527778   0.136052         2.999726      4.386795
Mobile game               0          0.8     voltage cutoff 1.794444   0.116146         2.999753      4.528076
Mobile game               0          0.9     voltage cutoff 2.075000   0.095019         2.998810      4.601634
Mobile game               0          1.0     voltage cutoff 2.366667   0.074240         2.998975      4.617692
Mobile game              10          0.7     voltage cutoff 1.800000   0.102793         2.999113     14.453576
Mobile game              10          0.8     voltage cutoff 2.100000   0.087328         2.999031     14.566315
Mobile game              10          0.9     voltage cutoff 2.411111   0.071340         2.998662     14.619464
Mobile game              10          1.0     voltage cutoff 2.730556   0.056056         2.999529     14.625160
Mobile game              25          0.7     voltage cutoff 2.138889   0.066680         2.998644     29.460524
Mobile game              25          0.8     voltage cutoff 2.472222   0.057067         2.999450     29.546642
Mobile game              25          0.9     voltage cutoff 2.813889   0.046901         2.999774     29.586070
Mobile game              25          1.0     voltage cutoff 3.163889   0.036357         2.999874     29.591078
Mobile game              40          0.7     voltage cutoff 2.197222   0.043247         2.999246     44.344314
Mobile game              40          0.8     voltage cutoff 2.530556   0.036374         2.999193     44.438731
Mobile game              40          0.9      SOC threshold 2.869444   0.029219         2.998903     44.491127
Mobile game              40          1.0      SOC threshold 3.191667   0.029909         3.007229     44.508365
Mobile game              55          0.7      SOC threshold 2.233333   0.028970         3.001053     59.265942
Mobile game              55          0.8      SOC threshold 2.555556   0.028769         3.005638     59.362501
Mobile game              55          0.9      SOC threshold 2.875000   0.029990         3.011749     59.420567
Mobile game              55          1.0      SOC threshold 3.200000   0.029198         3.015670     59.453462
Mobile game              58          0.7 thermal protection 0.525000   0.798630         3.914836     60.006485
Mobile game              58          0.8 thermal protection 0.527778   0.823730         3.950314     60.005063
Mobile game              58          0.9 thermal protection 0.530556   0.843113         3.978613     60.003563
Mobile game              58          1.0 thermal protection 0.533333   0.858533         4.001905     60.001977
Results saved to: /Users/storyon/study/math_modeling_/modeling/BatteryModel_图表复现版/generated_figures
