               scenario  ambient_temp_c     tte_h    stop_reason  final_temp_c  final_voltage_v  final_soc  initial_soh_loss_rate_per_hour  relative_aging_rate_vs_25c
        Light daily use             -10  7.163889 voltage cutoff     -8.607418         2.999863   0.034046                    8.021007e-14                    0.153287
        Light daily use               0  8.294444  SOC threshold      1.374674         3.004695   0.029813                    1.439279e-13                    0.275056
        Light daily use              10  9.397222  SOC threshold     11.360598         3.011774   0.029872                    2.478612e-13                    0.473680
        Light daily use              25 10.916667  SOC threshold     26.345592         3.018998   0.029851                    5.232666e-13                    1.000000
        Light daily use              40 10.927778  SOC threshold     41.335608         3.023588   0.029803                    1.028544e-12                    1.965621
Video streaming (Wi-Fi)             -10  4.458333 voltage cutoff     -7.752401         2.999769   0.051772                    1.401166e-13                    0.153518
Video streaming (Wi-Fi)               0  5.205556 voltage cutoff      2.217200         2.999402   0.038426                    2.512719e-13                    0.275305
Video streaming (Wi-Fi)              10  5.944444  SOC threshold     12.190044         3.000531   0.029580                    4.325282e-13                    0.473898
Video streaming (Wi-Fi)              25  6.861111  SOC threshold     27.157198         3.012086   0.029835                    9.127040e-13                    1.000000
Video streaming (Wi-Fi)              40  6.872222  SOC threshold     42.133832         3.019183   0.029725                    1.793470e-12                    1.965007
             Navigation             -10  2.791667 voltage cutoff     -6.511497         2.999125   0.075938                    2.413623e-13                    0.153877
             Navigation               0  3.280556 voltage cutoff      3.472781         2.999099   0.056977                    4.324301e-13                    0.275690
             Navigation              10  3.766667 voltage cutoff     13.445863         2.999479   0.042850                    7.438526e-13                    0.474234
             Navigation              25  4.363889  SOC threshold     28.398566         3.002220   0.029917                    1.568536e-12                    1.000000
             Navigation              40  4.375000  SOC threshold     43.346940         3.012897   0.029677                    3.080701e-12                    1.964061
            Mobile game             -10  2.000000 voltage cutoff     -5.423928         2.999054   0.098669                    3.530115e-13                    0.154249
            Mobile game               0  2.366667 voltage cutoff      4.617692         2.998975   0.074240                    6.318484e-13                    0.276087
            Mobile game              10  2.730556 voltage cutoff     14.625160         2.999529   0.056056                    1.086113e-12                    0.474579
            Mobile game              25  3.163889 voltage cutoff     29.591078         2.999874   0.036357                    2.288581e-12                    1.000000
            Mobile game              40  3.191667  SOC threshold     44.508365         3.007229   0.029909                    4.492697e-12                    1.963093
Results saved to: /Users/storyon/study/math_modeling_/modeling/BatteryModel_图表复现版/generated_figures
